正在读取软件包列表...
正在分析软件包的依赖关系树...
正在读取状态信息...
curl 已经是最新版 (7.68.0-1ubuntu2.25)。
升级了 0 个软件包，新安装了 0 个软件包，要卸载 0 个软件包，有 333 个软件包未被升级。
GitHub520 Host added to host file
Refreshed network settings, sleep 5 seconds
正在读取软件包列表...
正在分析软件包的依赖关系树...
正在读取状态信息...
python3-wstool 已经是最新版 (0.1.18-2)。
升级了 0 个软件包，新安装了 0 个软件包，要卸载 0 个软件包，有 333 个软件包未被升级。
正在读取软件包列表...
正在分析软件包的依赖关系树...
正在读取状态信息...
ros-foxy-moveit 已经是最新版 (2.2.3-1focal.20230606.061106)。
升级了 0 个软件包，新安装了 0 个软件包，要卸载 0 个软件包，有 333 个软件包未被升级。
正在读取软件包列表...
正在分析软件包的依赖关系树...
正在读取状态信息...
ros-foxy-moveit-chomp-optimizer-adapter 已经是最新版 (2.2.3-1focal.20230606.042556)。
ros-foxy-moveit-chomp-optimizer-adapter-dbgsym 已经是最新版 (2.2.3-1focal.20230606.042556)。
ros-foxy-moveit-common 已经是最新版 (2.2.3-1focal.20230527.035305)。
ros-foxy-moveit-core 已经是最新版 (2.2.3-1focal.20230606.035756)。
ros-foxy-moveit-core-dbgsym 已经是最新版 (2.2.3-1focal.20230606.035756)。
ros-foxy-moveit-kinematics 已经是最新版 (2.2.3-1focal.20230606.045002)。
ros-foxy-moveit-kinematics-dbgsym 已经是最新版 (2.2.3-1focal.20230606.045002)。
ros-foxy-moveit-msgs 已经是最新版 (2.1.0-1focal.20230527.052649)。
ros-foxy-moveit-msgs-dbgsym 已经是最新版 (2.1.0-1focal.20230527.052649)。
ros-foxy-moveit-planners 已经是最新版 (2.2.3-1focal.20230606.050401)。
ros-foxy-moveit-planners-chomp 已经是最新版 (2.2.3-1focal.20230606.042555)。
ros-foxy-moveit-planners-chomp-dbgsym 已经是最新版 (2.2.3-1focal.20230606.042555)。
ros-foxy-moveit-planners-ompl 已经是最新版 (2.2.3-1focal.20230606.045405)。
ros-foxy-moveit-planners-ompl-dbgsym 已经是最新版 (2.2.3-1focal.20230606.045405)。
ros-foxy-moveit-plugins 已经是最新版 (2.2.3-1focal.20230606.042527)。
ros-foxy-moveit-resources 已经是最新版 (2.0.3-1focal.20230606.035813)。
ros-foxy-moveit-resources-fanuc-description 已经是最新版 (2.0.3-1focal.20230527.034057)。
ros-foxy-moveit-resources-fanuc-moveit-config 已经是最新版 (2.0.3-1focal.20230606.035302)。
ros-foxy-moveit-resources-panda-description 已经是最新版 (2.0.3-1focal.20230527.034308)。
ros-foxy-moveit-resources-panda-moveit-config 已经是最新版 (2.0.3-1focal.20230606.035722)。
ros-foxy-moveit-resources-pr2-description 已经是最新版 (2.0.3-1focal.20230527.034344)。
ros-foxy-moveit-ros 已经是最新版 (2.2.3-1focal.20230606.061029)。
ros-foxy-moveit-ros-benchmarks 已经是最新版 (2.2.3-1focal.20230606.045335)。
ros-foxy-moveit-ros-benchmarks-dbgsym 已经是最新版 (2.2.3-1focal.20230606.045335)。
ros-foxy-moveit-ros-move-group 已经是最新版 (2.2.3-1focal.20230606.045303)。
ros-foxy-moveit-ros-move-group-dbgsym 已经是最新版 (2.2.3-1focal.20230606.045303)。
ros-foxy-moveit-ros-occupancy-map-monitor 已经是最新版 (2.2.3-1focal.20230606.042537)。
ros-foxy-moveit-ros-occupancy-map-monitor-dbgsym 已经是最新版 (2.2.3-1focal.20230606.042537)。
ros-foxy-moveit-ros-perception 已经是最新版 (2.2.3-1focal.20230606.044829)。
ros-foxy-moveit-ros-perception-dbgsym 已经是最新版 (2.2.3-1focal.20230606.044829)。
ros-foxy-moveit-ros-planning 已经是最新版 (2.2.3-1focal.20230606.042658)。
ros-foxy-moveit-ros-planning-dbgsym 已经是最新版 (2.2.3-1focal.20230606.042658)。
ros-foxy-moveit-ros-planning-interface 已经是最新版 (2.2.3-1focal.20230606.053524)。
ros-foxy-moveit-ros-planning-interface-dbgsym 已经是最新版 (2.2.3-1focal.20230606.053524)。
ros-foxy-moveit-ros-robot-interaction 已经是最新版 (2.2.3-1focal.20230606.044619)。
ros-foxy-moveit-ros-robot-interaction-dbgsym 已经是最新版 (2.2.3-1focal.20230606.044619)。
ros-foxy-moveit-ros-visualization 已经是最新版 (2.2.3-1focal.20230606.055545)。
ros-foxy-moveit-ros-visualization-dbgsym 已经是最新版 (2.2.3-1focal.20230606.055545)。
ros-foxy-moveit-ros-warehouse 已经是最新版 (2.2.3-1focal.20230606.044823)。
ros-foxy-moveit-ros-warehouse-dbgsym 已经是最新版 (2.2.3-1focal.20230606.044823)。
ros-foxy-moveit-runtime 已经是最新版 (2.2.3-1focal.20230606.054317)。
ros-foxy-moveit-servo 已经是最新版 (2.2.3-1focal.20230606.054950)。
ros-foxy-moveit-servo-dbgsym 已经是最新版 (2.2.3-1focal.20230606.054950)。
ros-foxy-moveit-simple-controller-manager 已经是最新版 (2.2.3-1focal.20230606.042207)。
ros-foxy-moveit-simple-controller-manager-dbgsym 已经是最新版 (2.2.3-1focal.20230606.042207)。
升级了 0 个软件包，新安装了 0 个软件包，要卸载 0 个软件包，有 333 个软件包未被升级。
正在读取软件包列表...
正在分析软件包的依赖关系树...
正在读取状态信息...
ros-foxy-controller-interface 已经是最新版 (0.11.0-1focal.20230527.054329)。
ros-foxy-controller-manager 已经是最新版 (0.11.0-1focal.20230527.054630)。
ros-foxy-controller-manager-msgs 已经是最新版 (0.11.0-1focal.20230527.044114)。
升级了 0 个软件包，新安装了 0 个软件包，要卸载 0 个软件包，有 333 个软件包未被升级。
[H[2J[3J[0m          [0m
[0m          [0m
[0m          [0m
[0m          [0m
[0m          [0m
[1;32m                              Moveit installation completed! [0m
[0m          [0m
[0m          [0m
[0m          [0m
